exports[`test something 1`] = `
<header
  className="header">
  <div
    className="container">
    <h1
      className="title">
      Blog
    </h1>
    <nav>
      <ul
        className="list">
        <li
          className="listItem">
          <Link
            className="link"
            replace={false}
            to="/">
            Posts
          </Link>
        </li>
        <li
          className="listItem">
          <Link
            className="link"
            replace={false}
            to="/about">
            About
          </Link>
        </li>
      </ul>
    </nav>
  </div>
</header>
`;
